
> genuine-sugarmummies-app@1.0.0 build
> next build

Γû▓ Next.js 16.1.6 (Turbopack)
- Environments: .env.local

  Creating an optimized production build ...
Γ£ô Compiled successfully in 3.8s
  Running TypeScript ...
  Collecting page data using 7 workers ...
  Generating static pages using 7 workers (0/15) ...
  Generating static pages using 7 workers (3/15) 
  Generating static pages using 7 workers (7/15) 
  Generating static pages using 7 workers (11/15) 
Γ£ô Generating static pages using 7 workers (15/15) in 372.4ms
  Finalizing page optimization ...

Route (app)
Γöî Γùï /
Γö£ Γùï /_not-found
Γö£ Γùï /alerts
Γö£ ╞Æ /api/alerts
Γö£ ╞Æ /api/comments
Γö£ ╞Æ /api/likes
Γö£ ╞Æ /api/matches
Γö£ ╞Æ /api/passes
Γö£ ╞Æ /api/profiles
Γö£ Γùï /auth/callback
Γö£ Γùï /auth/login
Γö£ Γùï /discover
Γö£ Γùï /matches
Γöö Γùï /profile


Γùï  (Static)   prerendered as static content
╞Æ  (Dynamic)  server-rendered on demand

